x509_cert_create.c:69:9:x509CreateCertificate	136	static
x509_cert_create.c:228:9:x509FormatTbsCertificate	104	static
x509_cert_create.c:364:9:x509FormatVersion	56	static
x509_cert_create.c:408:9:x509FormatSerialNumber	56	static
x509_cert_create.c:468:9:x509FormatName	80	static
x509_cert_create.c:625:9:x509FormatNameAttribute	64	static
x509_cert_create.c:715:9:x509FormatValidity	64	static
x509_cert_create.c:778:9:x509FormatTime	112	static
x509_cert_create.c:844:9:x509FormatExtensions	64	static
x509_cert_create.c:965:9:x509FormatBasicConstraints	72	static
x509_cert_create.c:1128:9:x509FormatKeyUsage	80	static
x509_cert_create.c:1274:9:x509FormatSubjectAltName	72	static
x509_cert_create.c:1398:9:x509FormatSubjectKeyId	64	static
x509_cert_create.c:1495:9:x509FormatAuthorityKeyId	64	static
x509_cert_create.c:1605:9:x509FormatNsCertType	72	static
x509_cert_create.c:1714:9:x509FormatSignatureAlgo	72	static
x509_cert_create.c:1868:9:x509FormatSignatureValue	80	static
x509_cert_create.c:1924:9:x509GenerateSignature	248	static
