x509_cert_parse.c:63:9:x509ParseCertificate	56	static
x509_cert_parse.c:145:9:x509ParseTbsCertificate	56	static
x509_cert_parse.c:308:9:x509ParseVersion	56	static
x509_cert_parse.c:369:9:x509ParseSerialNumber	56	static
x509_cert_parse.c:417:9:x509ParseName	72	static
x509_cert_parse.c:587:9:x509ParseNameAttribute	56	static
x509_cert_parse.c:656:9:x509ParseValidity	56	static
x509_cert_parse.c:709:9:x509ParseTime	56	static
x509_cert_parse.c:840:9:x509ParseIssuerUniqueId	56	static
x509_cert_parse.c:893:9:x509ParseSubjectUniqueId	56	static
x509_cert_parse.c:947:9:x509ParseExtensions	80	static
x509_cert_parse.c:1146:9:x509ParseExtension	56	static
x509_cert_parse.c:1233:9:x509ParseBasicConstraints	56	static
x509_cert_parse.c:1324:9:x509ParseNameConstraints	56	static
x509_cert_parse.c:1419:9:x509ParsePolicyConstraints	56	static
x509_cert_parse.c:1452:9:x509ParsePolicyMappings	56	static
x509_cert_parse.c:1484:9:x509ParseInhibitAnyPolicy	24	static
x509_cert_parse.c:1504:9:x509ParseKeyUsage	56	static
x509_cert_parse.c:1573:9:x509ParseExtendedKeyUsage	56	static
x509_cert_parse.c:1690:9:x509ParseSubjectAltName	80	static
x509_cert_parse.c:1762:9:x509ParseGeneralSubtrees	40	static
x509_cert_parse.c:1796:9:x509ParseGeneralSubtree	56	static
x509_cert_parse.c:1829:9:x509ParseGeneralName	56	static
x509_cert_parse.c:1875:9:x509ParseSubjectKeyId	56	static
x509_cert_parse.c:1912:9:x509ParseAuthorityKeyId	56	static
x509_cert_parse.c:1974:9:x509ParseNsCertType	56	static
x509_cert_parse.c:2028:9:x509ParseSignatureAlgo	56	static
x509_cert_parse.c:2094:9:x509ParseSignatureValue	56	static
x509_cert_parse.c:2140:9:x509ParseInt	24	static
