x509_key_format.c:58:9:x509FormatSubjectPublicKeyInfo	112	static
x509_key_format.c:279:9:x509FormatAlgorithmIdentifier	72	static
x509_key_format.c:432:9:x509FormatRsaPublicKey	64	static
x509_key_format.c:509:9:x509FormatRsaPssParameters	64	static
x509_key_format.c:582:9:x509FormatRsaPssHashAlgo	56	static
x509_key_format.c:651:9:x509FormatRsaPssMaskGenAlgo	64	static
x509_key_format.c:739:9:x509FormatRsaPssMaskGenHashAlgo	56	static
x509_key_format.c:797:9:x509FormatRsaPssSaltLength	56	static
x509_key_format.c:846:9:x509FormatDsaPublicKey	56	static
x509_key_format.c:882:9:x509FormatDsaParameters	64	static
x509_key_format.c:976:9:x509FormatEcPublicKey	32	static
x509_key_format.c:1003:9:x509FormatEcParameters	56	static
x509_key_format.c:1041:9:x509ExportRsaPublicKey	64	static
x509_key_format.c:1104:9:x509ExportRsaPrivateKey	64	static
x509_key_format.c:1282:9:x509ExportDsaPublicKey	32	static
x509_key_format.c:1310:9:x509ExportDsaPrivateKey	32	static
x509_key_format.c:1338:9:x509ExportDsaParameters	64	static
x509_key_format.c:1412:9:x509ExportEcPublicKey	136	static
x509_key_format.c:1467:9:x509ExportEddsaPublicKey	32	static
x509_key_format.c:1496:9:x509ExportEddsaPrivateKey	56	static
