ipcp.c:76:9:ipcpOpen	16	static
ipcp.c:97:9:ipcpClose	16	static
ipcp.c:121:6:ipcpTick	24	static
ipcp.c:151:6:ipcpProcessPacket	24	static
ipcp.c:225:9:ipcpProcessConfigureReq	48	static
ipcp.c:321:9:ipcpProcessConfigureAck	16	static
ipcp.c:347:9:ipcpProcessConfigureNak	40	static
ipcp.c:436:9:ipcpProcessConfigureReject	24	static
ipcp.c:504:9:ipcpProcessTerminateReq	16	static
ipcp.c:526:9:ipcpProcessTerminateAck	16	static
ipcp.c:549:9:ipcpProcessCodeRej	24	static
ipcp.c:596:9:ipcpProcessUnknownCode	16	static
ipcp.c:616:6:ipcpThisLayerUp	32	static
ipcp.c:663:6:ipcpThisLayerDown	24	static
ipcp.c:690:6:ipcpThisLayerStarted	16	static
ipcp.c:702:6:ipcpThisLayerFinished	16	static
ipcp.c:715:6:ipcpInitRestartCount	16	static
ipcp.c:730:6:ipcpZeroRestartCount	16	static
ipcp.c:751:9:ipcpSendConfigureReq	40	static
ipcp.c:839:9:ipcpSendConfigureAck	16	static
ipcp.c:858:9:ipcpSendConfigureNak	16	static
ipcp.c:877:9:ipcpSendConfigureRej	16	static
ipcp.c:895:9:ipcpSendTerminateReq	24	static
ipcp.c:927:9:ipcpSendTerminateAck	24	static
ipcp.c:961:9:ipcpSendCodeRej	16	static
ipcp.c:983:9:ipcpParseOption	32	static
ipcp.c:1035:9:ipcpParseIpAddressOption	32	static
