lcp.c:79:9:lcpOpen	16	static
lcp.c:103:9:lcpClose	16	static
lcp.c:125:6:lcpTick	24	static
lcp.c:155:6:lcpProcessPacket	24	static
lcp.c:249:9:lcpProcessConfigureReq	48	static
lcp.c:345:9:lcpProcessConfigureAck	16	static
lcp.c:371:9:lcpProcessConfigureNak	40	static
lcp.c:492:9:lcpProcessConfigureReject	24	static
lcp.c:590:9:lcpProcessTerminateReq	16	static
lcp.c:612:9:lcpProcessTerminateAck	16	static
lcp.c:635:9:lcpProcessCodeRej	24	static
lcp.c:682:9:lcpProcessProtocolRej	24	static
lcp.c:747:9:lcpProcessEchoReq	16	static
lcp.c:770:9:lcpProcessEchoRep	16	static
lcp.c:788:9:lcpProcessDiscardReq	16	static
lcp.c:806:9:lcpProcessUnknownCode	16	static
lcp.c:830:9:lcpProcessUnknownProtocol	32	static
lcp.c:858:6:lcpThisLayerUp	16	static
lcp.c:921:6:lcpThisLayerDown	16	static
lcp.c:955:6:lcpThisLayerStarted	16	static
lcp.c:967:6:lcpThisLayerFinished	16	static
lcp.c:988:6:lcpInitRestartCount	16	static
lcp.c:1003:6:lcpZeroRestartCount	16	static
lcp.c:1024:9:lcpSendConfigureReq	48	static
lcp.c:1159:9:lcpSendConfigureAck	16	static
lcp.c:1178:9:lcpSendConfigureNak	16	static
lcp.c:1197:9:lcpSendConfigureRej	16	static
lcp.c:1215:9:lcpSendTerminateReq	24	static
lcp.c:1247:9:lcpSendTerminateAck	24	static
lcp.c:1281:9:lcpSendCodeRej	16	static
lcp.c:1301:9:lcpSendEchoRep	16	static
lcp.c:1320:9:lcpParseOption	32	static
lcp.c:1392:9:lcpParseMruOption	32	static
lcp.c:1458:9:lcpParseAccmOption	32	static
lcp.c:1502:9:lcpParseAuthProtocolOption	32	static
lcp.c:1648:9:lcpParseMagicNumberOption	32	static
lcp.c:1692:9:lcpParsePfcOption	32	static
lcp.c:1735:9:lcpParseAcfcOption	32	static
