mib_common.c:48:9:mibEncodeIndex	24	static
mib_common.c:65:9:mibDecodeIndex	32	static
mib_common.c:95:9:mibEncodeUnsigned32	24	static
mib_common.c:112:9:mibDecodeUnsigned32	24	static
mib_common.c:130:9:mibEncodeString	32	static
mib_common.c:150:9:mibDecodeString	48	static
mib_common.c:183:9:mibEncodeOctetString	32	static
mib_common.c:226:9:mibDecodeOctetString	40	static
mib_common.c:298:9:mibEncodeObjectIdentifier	40	static
mib_common.c:378:9:mibDecodeObjectIdentifier	40	static
mib_common.c:479:9:mibEncodePort	24	static
mib_common.c:496:9:mibDecodePort	32	static
mib_common.c:529:9:mibEncodeMacAddr	32	static
mib_common.c:565:9:mibDecodeMacAddr	40	static
mib_common.c:614:9:mibEncodeIpv4Addr	40	static
mib_common.c:648:9:mibDecodeIpv4Addr	40	static
mib_common.c:690:9:mibEncodeIpv6Addr	32	static
mib_common.c:720:9:mibDecodeIpv6Addr	40	static
mib_common.c:758:9:mibEncodeIpAddr	32	static
mib_common.c:836:9:mibDecodeIpAddr	40	static
mib_common.c:904:7:mibCompIpAddr	24	static
mib_common.c:942:9:mibTestAndIncSpinLock	32	static
