tls.c:65:13:tlsInit	16	static
tls.c:193:10:tlsGetState	24	static
tls.c:217:9:tlsSetSocketCallbacks	24	static
tls.c:249:9:tlsSetVersion	16	static
tls.c:283:9:tlsSetTransportProtocol	16	static
tls.c:312:9:tlsSetConnectionEnd	16	static
tls.c:338:9:tlsSetPrng	24	static
tls.c:365:9:tlsSetServerName	32	static
tls.c:413:15:tlsGetServerName	16	static
tls.c:438:9:tlsSetCache	16	static
tls.c:459:9:tlsSetClientAuthMode	16	static
tls.c:481:9:tlsSetBufferSize	24	static
tls.c:529:9:tlsSetMaxFragmentLength	16	static
tls.c:564:9:tlsSetCipherSuites	24	static
tls.c:592:9:tlsSetSupportedGroups	24	static
tls.c:619:9:tlsSetPreferredGroup	16	static
tls.c:646:9:tlsSetDhParameters	24	static
tls.c:674:9:tlsSetEcdhCallback	16	static
tls.c:700:9:tlsSetEcdsaSignCallback	16	static
tls.c:727:9:tlsSetEcdsaVerifyCallback	16	static
tls.c:754:9:tlsSetKeyLogCallback	16	static
tls.c:781:9:tlsAllowUnknownAlpnProtocols	16	static
tls.c:807:9:tlsSetAlpnProtocolList	16	static
tls.c:855:15:tlsGetAlpnProtocol	16	static
tls.c:883:9:tlsSetPsk	24	static
tls.c:944:9:tlsSetPskIdentity	24	static
tls.c:993:9:tlsSetPskIdentityHint	24	static
tls.c:1042:9:tlsSetPskCallback	16	static
tls.c:1068:9:tlsSetRpkVerifyCallback	16	static
tls.c:1096:9:tlsSetTrustedCaList	24	static
tls.c:1126:9:tlsAddCertificate	64	static
tls.c:1247:9:tlsSetCertificateVerifyCallback	24	static
tls.c:1272:9:tlsEnableSecureRenegotiation	16	static
tls.c:1298:9:tlsEnableFallbackScsv	16	static
tls.c:1326:9:tlsSetTicketCallbacks	24	static
tls.c:1358:9:tlsSetPmtu	16	static
tls.c:1388:9:tlsSetTimeout	16	static
tls.c:1416:9:tlsSetCookieCallbacks	24	static
tls.c:1452:9:tlsEnableReplayDetection	16	static
tls.c:1480:9:tlsSetMaxEarlyDataSize	16	static
tls.c:1509:9:tlsWriteEarlyData	24	static
tls.c:1572:9:tlsConnect	24	static
tls.c:1620:20:tlsGetEarlyDataStatus	24	static
tls.c:1663:9:tlsWrite	40	static
tls.c:1798:9:tlsRead	48	static
tls.c:2034:8:tlsIsTxReady	24	static
tls.c:2067:8:tlsIsRxReady	24	static
tls.c:2112:9:tlsShutdown	16	static
tls.c:2125:9:tlsShutdownEx	32	static
tls.c:2272:6:tlsFree	16	static
tls.c:2406:9:tlsInitSessionState	16	static
tls.c:2427:9:tlsSaveSessionState	24	static
tls.c:2585:9:tlsRestoreSessionState	16	static
tls.c:2711:6:tlsFreeSessionState	16	static
