tls_client_extensions.c:84:9:tlsFormatClientSupportedVersionsExtension	40	static
tls_client_extensions.c:178:9:tlsFormatClientSniExtension	40	static
tls_client_extensions.c:251:9:tlsFormatClientMaxFragLenExtension	32	static
tls_client_extensions.c:312:9:tlsFormatClientRecordSizeLimitExtension	40	static
tls_client_extensions.c:368:9:tlsFormatSupportedGroupsExtension	56	static
tls_client_extensions.c:478:9:tlsFormatClientEcPointFormatsExtension	40	static
tls_client_extensions.c:540:9:tlsFormatClientAlpnExtension	32	static
tls_client_extensions.c:626:9:tlsFormatClientCertTypeListExtension	32	static
tls_client_extensions.c:682:9:tlsFormatServerCertTypeListExtension	32	static
tls_client_extensions.c:742:9:tlsFormatClientEmsExtension	32	static
tls_client_extensions.c:787:9:tlsFormatClientRenegoInfoExtension	32	static
tls_client_extensions.c:855:9:tlsFormatClientHelloPaddingExtension	32	static
tls_client_extensions.c:913:9:tlsParseServerSniExtension	16	static
tls_client_extensions.c:940:9:tlsParseServerMaxFragLenExtension	16	static
tls_client_extensions.c:989:9:tlsParseServerRecordSizeLimitExtension	24	static
tls_client_extensions.c:1049:9:tlsParseServerEcPointFormatsExtension	24	static
tls_client_extensions.c:1097:9:tlsParseServerAlpnExtension	16	static
tls_client_extensions.c:1177:9:tlsParseClientCertTypeExtension	16	static
tls_client_extensions.c:1211:9:tlsParseServerCertTypeExtension	16	static
tls_client_extensions.c:1253:9:tlsParseServerEmsExtension	16	static
tls_client_extensions.c:1306:9:tlsParseServerRenegoInfoExtension	16	static
