net.c:108:9:netInit	32	static
net.c:305:9:netSetMacAddr	16	static
net.c:340:9:netGetMacAddr	16	static
net.c:377:9:netSetEui64	16	static
net.c:402:9:netGetEui64	24	static
net.c:434:9:netSetInterfaceId	16	static
net.c:459:9:netSetInterfaceName	16	static
net.c:486:9:netSetHostname	16	static
net.c:514:9:netSetProxy	24	static
net.c:543:9:netSetVlanId	16	static
net.c:577:9:netSetVmanId	16	static
net.c:611:9:netSetSwitchPort	16	static
net.c:642:9:netSetParentInterface	16	static
net.c:674:9:netSetDriver	16	static
net.c:699:9:netSetPhyDriver	16	static
net.c:724:9:netSetPhyAddr	16	static
net.c:753:9:netSetSpiDriver	16	static
net.c:778:9:netSetUartDriver	16	static
net.c:803:9:netSetExtIntDriver	16	static
net.c:828:9:netSetLinkState	16	static
net.c:860:8:netGetLinkState	24	static
net.c:886:9:netConfigInterface	24	static
net.c:1076:9:netStartInterface	24	static
net.c:1157:9:netStopInterface	24	static
net.c:1214:6:netProcessLinkChange	24	static
net.c:1338:6:netTask	32	static
net.c:1472:6:netTick	16	static
net.c:1782:15:netGetDefaultInterface	4	static
net.c:1795:9:netInitRand	16	static
net.c:1810:10:netGetRand	16	static
net.c:1841:9:netGetRandRange	24	static
net.c:1871:9:netAttachLinkChangeCallback	32	static
net.c:1920:9:netDetachLinkChangeCallback	16	static
net.c:1944:6:netInvokeLinkChangeCallback	24	static
