socket.c:57:9:socketInit	16	static
socket.c:95:9:socketOpen	40	static
socket.c:219:9:socketSetTimeout	16	static
socket.c:244:9:socketSetTxBufferSize	16	static
socket.c:278:9:socketSetRxBufferSize	16	static
socket.c:312:9:socketSetInterface	16	static
socket.c:332:15:socketGetInterface	24	static
socket.c:355:9:socketBind	24	static
socket.c:381:9:socketConnect	32	static
socket.c:444:9:socketListen	24	static
socket.c:481:9:socketAccept	32	static
socket.c:514:9:socketSend	40	static
socket.c:535:9:socketSendTo	48	static
socket.c:609:9:socketReceive	40	static
socket.c:629:9:socketReceiveFrom	40	static
socket.c:650:9:socketReceiveEx	48	static
socket.c:728:9:socketGetLocalAddr	24	static
socket.c:755:9:socketGetRemoteAddr	24	static
socket.c:785:9:socketShutdown	24	static
socket.c:822:6:socketClose	24	static
socket.c:882:9:socketPoll	48	static
socket.c:968:6:socketRegisterEvents	24	static
socket.c:1019:6:socketUnregisterEvents	16	static
socket.c:1042:8:socketGetEvents	24	static
socket.c:1078:9:getHostByName	32	static
