coap_client_request.c:53:20:coapClientCreateRequest	32	static
coap_client_request.c:130:9:coapClientSetRequestTimeout	16	static
coap_client_request.c:157:9:coapClientSendRequest	40	static
coap_client_request.c:275:9:coapClientCancelRequest	32	static
coap_client_request.c:350:6:coapClientDeleteRequest	16	static
coap_client_request.c:371:14:coapClientGetRequestMessage	24	static
coap_client_request.c:415:14:coapClientGetResponseMessage	24	static
coap_client_request.c:455:9:coapClientSetType	16	static
coap_client_request.c:473:9:coapClientGetType	16	static
coap_client_request.c:491:9:coapClientSetMethodCode	16	static
coap_client_request.c:509:9:coapClientGetMethodCode	16	static
coap_client_request.c:527:9:coapClientGetResponseCode	16	static
coap_client_request.c:545:9:coapClientSetUriPath	16	static
coap_client_request.c:564:9:coapClientGetUriPath	32	static
coap_client_request.c:584:9:coapClientSetUriQuery	16	static
coap_client_request.c:604:9:coapClientGetUriQuery	32	static
coap_client_request.c:625:9:coapClientGetLocationPath	32	static
coap_client_request.c:646:9:coapClientGetLocationQuery	32	static
coap_client_request.c:669:9:coapClientSetOpaqueOption	32	static
coap_client_request.c:695:9:coapClientSetStringOption	40	static
coap_client_request.c:722:9:coapClientSetUintOption	24	static
coap_client_request.c:744:9:coapClientGetOpaqueOption	32	static
coap_client_request.c:767:9:coapClientGetStringOption	32	static
coap_client_request.c:789:9:coapClientGetUintOption	24	static
coap_client_request.c:809:9:coapClientDeleteOption	24	static
coap_client_request.c:829:9:coapClientSetPayload	24	static
coap_client_request.c:853:9:coapClientGetPayload	24	static
coap_client_request.c:873:9:coapClientWritePayload	24	static
coap_client_request.c:894:9:coapClientReadPayload	24	static
