core_cm4.h:1648:22:__NVIC_SetPriorityGrouping	24	static
core_cm4.h:1679:22:__NVIC_EnableIRQ	16	static,ignoring_inline_asm
core_cm4.h:1717:22:__NVIC_DisableIRQ	16	static,ignoring_inline_asm
core_cm4.h:1809:22:__NVIC_SetPriority	16	static
core_cm4.h:1856:26:NVIC_EncodePriority	40	static
uart_driver.c:56:9:uartInit	40	static
uart_driver.c:117:6:uartEnableIrq	8	static
uart_driver.c:126:6:uartDisableIrq	8	static
uart_driver.c:135:6:uartStartTx	4	static
uart_driver.c:144:6:LPUART1_IRQHandler	24	static
