os_port_cmsis_rtos.c:44:6:osInitKernel	8	static
os_port_cmsis_rtos.c:57:6:osStartKernel	8	static
os_port_cmsis_rtos.c:80:9:osCreateTask	48	static
os_port_cmsis_rtos.c:133:6:osDeleteTask	16	static
os_port_cmsis_rtos.c:153:6:osDelayTask	16	static
os_port_cmsis_rtos.c:164:6:osSwitchTask	8	static
os_port_cmsis_rtos.c:175:6:osSuspendAllTasks	8	static
os_port_cmsis_rtos.c:194:6:osResumeAllTasks	8	static
os_port_cmsis_rtos.c:216:8:osCreateEvent	24	static
os_port_cmsis_rtos.c:260:6:osDeleteEvent	16	static
os_port_cmsis_rtos.c:276:6:osSetEvent	16	static
os_port_cmsis_rtos.c:288:6:osResetEvent	16	static
os_port_cmsis_rtos.c:308:8:osWaitForEvent	24	static
os_port_cmsis_rtos.c:386:8:osSetEventFromIsr	16	static
os_port_cmsis_rtos.c:405:8:osCreateSemaphore	24	static
os_port_cmsis_rtos.c:441:6:osDeleteSemaphore	16	static
os_port_cmsis_rtos.c:460:8:osWaitForSemaphore	24	static
os_port_cmsis_rtos.c:514:6:osReleaseSemaphore	16	static
os_port_cmsis_rtos.c:528:8:osCreateMutex	24	static
os_port_cmsis_rtos.c:564:6:osDeleteMutex	16	static
os_port_cmsis_rtos.c:580:6:osAcquireMutex	16	static
os_port_cmsis_rtos.c:592:6:osReleaseMutex	16	static
os_port_cmsis_rtos.c:604:11:osGetSystemTime	16	static
os_port_cmsis_rtos.c:635:7:osAllocMem	24	static
os_port_cmsis_rtos.c:659:6:osFreeMem	16	static
